[INFO] Scanning for projects...
[INFO] 
[INFO] ----------------------------< com.lms:lms >-----------------------------
[INFO] Building lms 0.0.1-SNAPSHOT
[INFO]   from pom.xml
[INFO] --------------------------------[ jar ]---------------------------------
[INFO] 
[INFO] >>> spring-boot:3.2.5:run (default-cli) > test-compile @ lms >>>
[INFO] 
[INFO] --- resources:3.3.1:resources (default-resources) @ lms ---
[INFO] Copying 1 resource from src\main\resources to target\classes
[INFO] Copying 0 resource from src\main\resources to target\classes
[INFO] 
[INFO] --- compiler:3.11.0:compile (default-compile) @ lms ---
[INFO] Nothing to compile - all classes are up to date
[INFO] 
[INFO] --- resources:3.3.1:testResources (default-testResources) @ lms ---
[INFO] skip non existing resourceDirectory C:\LMS PLATFORM\Lms\lms-backend\src\test\resources
[INFO] 
[INFO] --- compiler:3.11.0:testCompile (default-testCompile) @ lms ---
[INFO] Nothing to compile - all classes are up to date
[INFO] 
[INFO] <<< spring-boot:3.2.5:run (default-cli) < test-compile @ lms <<<
[INFO] 
[INFO] 
[INFO] --- spring-boot:3.2.5:run (default-cli) @ lms ---
[INFO] Attaching agents: []
Picked up JAVA_TOOL_OPTIONS: -Duser.timezone=UTC

  .   ____          _            __ _ _
 /\\ / ___'_ __ _ _(_)_ __  __ _ \ \ \ \
( ( )\___ | '_ | '_| | '_ \/ _` | \ \ \ \
 \\/  ___)| |_)| | | | | || (_| |  ) ) ) )
  '  |____| .__|_| |_|_| |_\__, | / / / /
 =========|_|==============|___/=/_/_/_/
 :: Spring Boot ::                (v3.2.5)

2026-02-20T06:05:45.754Z  INFO 11508 --- [lms] [  restartedMain] com.lms.LmsApplication                   : Starting LmsApplication using Java 17.0.18 with PID 11508 (C:\LMS PLATFORM\Lms\lms-backend\target\classes started by jayar in C:\LMS PLATFORM\Lms\lms-backend)
2026-02-20T06:05:45.758Z  INFO 11508 --- [lms] [  restartedMain] com.lms.LmsApplication                   : No active profile set, falling back to 1 default profile: "default"
2026-02-20T06:05:45.934Z  INFO 11508 --- [lms] [  restartedMain] .e.DevToolsPropertyDefaultsPostProcessor : Devtools property defaults active! Set 'spring.devtools.add-properties' to 'false' to disable
2026-02-20T06:05:45.936Z  INFO 11508 --- [lms] [  restartedMain] .e.DevToolsPropertyDefaultsPostProcessor : For additional web related logging consider setting the 'logging.level.web' property to 'DEBUG'
2026-02-20T06:05:47.533Z  INFO 11508 --- [lms] [  restartedMain] .s.d.r.c.RepositoryConfigurationDelegate : Bootstrapping Spring Data JPA repositories in DEFAULT mode.
2026-02-20T06:05:47.637Z  INFO 11508 --- [lms] [  restartedMain] .s.d.r.c.RepositoryConfigurationDelegate : Finished Spring Data repository scanning in 87 ms. Found 1 JPA repository interface.
2026-02-20T06:05:49.019Z  INFO 11508 --- [lms] [  restartedMain] o.s.b.w.embedded.tomcat.TomcatWebServer  : Tomcat initialized with port 8080 (http)
2026-02-20T06:05:49.082Z  INFO 11508 --- [lms] [  restartedMain] o.apache.catalina.core.StandardService   : Starting service [Tomcat]
2026-02-20T06:05:49.082Z  INFO 11508 --- [lms] [  restartedMain] o.apache.catalina.core.StandardEngine    : Starting Servlet engine: [Apache Tomcat/10.1.20]
2026-02-20T06:05:49.269Z  INFO 11508 --- [lms] [  restartedMain] o.a.c.c.C.[Tomcat].[localhost].[/]       : Initializing Spring embedded WebApplicationContext
2026-02-20T06:05:49.270Z  INFO 11508 --- [lms] [  restartedMain] w.s.c.ServletWebServerApplicationContext : Root WebApplicationContext: initialization completed in 3333 ms
2026-02-20T06:05:49.506Z  INFO 11508 --- [lms] [  restartedMain] o.hibernate.jpa.internal.util.LogHelper  : HHH000204: Processing PersistenceUnitInfo [name: default]
2026-02-20T06:05:49.644Z  INFO 11508 --- [lms] [  restartedMain] org.hibernate.Version                    : HHH000412: Hibernate ORM core version 6.4.4.Final
2026-02-20T06:05:49.715Z  INFO 11508 --- [lms] [  restartedMain] o.h.c.internal.RegionFactoryInitiator    : HHH000026: Second-level cache disabled
2026-02-20T06:05:50.180Z  INFO 11508 --- [lms] [  restartedMain] o.s.o.j.p.SpringPersistenceUnitInfo      : No LoadTimeWeaver setup: ignoring JPA class transformer
2026-02-20T06:05:50.245Z  INFO 11508 --- [lms] [  restartedMain] com.zaxxer.hikari.HikariDataSource       : HikariPool-1 - Starting...
2026-02-20T06:05:50.566Z  INFO 11508 --- [lms] [  restartedMain] com.zaxxer.hikari.pool.HikariPool        : HikariPool-1 - Added connection org.postgresql.jdbc.PgConnection@51ebe418
2026-02-20T06:05:50.566Z  INFO 11508 --- [lms] [  restartedMain] com.zaxxer.hikari.HikariDataSource       : HikariPool-1 - Start completed.
2026-02-20T06:05:50.652Z  WARN 11508 --- [lms] [  restartedMain] org.hibernate.orm.deprecation            : HHH90000025: PostgreSQLDialect does not need to be specified explicitly using 'hibernate.dialect' (remove the property setting and it will be selected by default)
2026-02-20T06:05:53.492Z  INFO 11508 --- [lms] [  restartedMain] o.h.e.t.j.p.i.JtaPlatformInitiator       : HHH000489: No JTA platform available (set 'hibernate.transaction.jta.platform' to enable JTA platform integration)
2026-02-20T06:05:53.660Z  INFO 11508 --- [lms] [  restartedMain] j.LocalContainerEntityManagerFactoryBean : Initialized JPA EntityManagerFactory for persistence unit 'default'
2026-02-20T06:05:54.872Z  WARN 11508 --- [lms] [  restartedMain] JpaBaseConfiguration$JpaWebConfiguration : spring.jpa.open-in-view is enabled by default. Therefore, database queries may be performed during view rendering. Explicitly configure spring.jpa.open-in-view to disable this warning
2026-02-20T06:05:55.805Z  INFO 11508 --- [lms] [  restartedMain] o.s.s.web.DefaultSecurityFilterChain     : Will secure any request with [org.springframework.security.web.session.DisableEncodeUrlFilter@204cc5b3, org.springframework.security.web.context.request.async.WebAsyncManagerIntegrationFilter@4e413020, org.springframework.security.web.context.SecurityContextHolderFilter@2dd0192f, org.springframework.security.web.header.HeaderWriterFilter@6a80e0a8, org.springframework.web.filter.CorsFilter@713b14fc, org.springframework.security.web.authentication.logout.LogoutFilter@3b5f81a4, com.lms.security.JwtAuthenticationFilter@54561988, org.springframework.security.web.savedrequest.RequestCacheAwareFilter@5570c0d2, org.springframework.security.web.servletapi.SecurityContextHolderAwareRequestFilter@3ec6f28e, org.springframework.security.web.authentication.AnonymousAuthenticationFilter@1ecb14b7, org.springframework.security.web.session.SessionManagementFilter@50df1d7d, org.springframework.security.web.access.ExceptionTranslationFilter@6903523d, org.springframework.security.web.access.intercept.AuthorizationFilter@54775288]
2026-02-20T06:05:56.483Z  WARN 11508 --- [lms] [  restartedMain] o.s.b.d.a.OptionalLiveReloadServer       : Unable to start LiveReload server
2026-02-20T06:05:56.524Z  WARN 11508 --- [lms] [  restartedMain] ConfigServletWebServerApplicationContext : Exception encountered during context initialization - cancelling refresh attempt: org.springframework.context.ApplicationContextException: Failed to start bean 'webServerStartStop'
2026-02-20T06:05:56.526Z  INFO 11508 --- [lms] [  restartedMain] j.LocalContainerEntityManagerFactoryBean : Closing JPA EntityManagerFactory for persistence unit 'default'
2026-02-20T06:05:56.532Z  INFO 11508 --- [lms] [  restartedMain] com.zaxxer.hikari.HikariDataSource       : HikariPool-1 - Shutdown initiated...
2026-02-20T06:05:56.543Z  INFO 11508 --- [lms] [  restartedMain] com.zaxxer.hikari.HikariDataSource       : HikariPool-1 - Shutdown completed.
2026-02-20T06:05:56.585Z  INFO 11508 --- [lms] [  restartedMain] .s.b.a.l.ConditionEvaluationReportLogger : 

Error starting ApplicationContext. To display the condition evaluation report re-run your application with 'debug' enabled.
2026-02-20T06:05:56.642Z ERROR 11508 --- [lms] [  restartedMain] o.s.b.d.LoggingFailureAnalysisReporter   : 

***************************
APPLICATION FAILED TO START
***************************

Description:

Web server failed to start. Port 8080 was already in use.

Action:

Identify and stop the process that's listening on port 8080 or configure this application to listen on another port.

[INFO] ------------------------------------------------------------------------
[INFO] BUILD SUCCESS
[INFO] ------------------------------------------------------------------------
[INFO] Total time:  20.509 s
[INFO] Finished at: 2026-02-20T06:05:56Z
[INFO] ------------------------------------------------------------------------
